   Compiling proc-macro2 v1.0.106
   Compiling quote v1.0.44
   Compiling unicode-ident v1.0.22
   Compiling libc v0.2.180
   Compiling cfg-if v1.0.4
   Compiling pin-project-lite v0.2.16
   Compiling smallvec v1.15.1
   Compiling memchr v2.8.0
   Compiling bytes v1.11.1
   Compiling itoa v1.0.17
   Compiling scopeguard v1.2.0
   Compiling futures-core v0.3.31
   Compiling parking_lot_core v0.9.12
   Compiling once_cell v1.21.3
   Compiling serde_core v1.0.228
   Compiling log v0.4.29
   Compiling futures-sink v0.3.31
   Compiling version_check v0.9.5
   Compiling autocfg v1.5.0
   Compiling slab v0.4.12
   Compiling find-msvc-tools v0.1.9
   Compiling shlex v1.3.0
   Compiling pin-utils v0.1.0
   Compiling typenum v1.19.0
   Compiling futures-io v0.3.31
   Compiling futures-task v0.3.31
   Compiling lock_api v0.4.14
   Compiling subtle v2.6.1
   Compiling zeroize v1.8.2
   Compiling equivalent v1.0.2
   Compiling futures-channel v0.3.31
   Compiling fnv v1.0.7
   Compiling tracing-core v0.1.36
   Compiling foldhash v0.2.0
   Compiling allocator-api2 v0.2.21
   Compiling ryu v1.0.22
   Compiling httparse v1.10.1
   Compiling crc32fast v1.5.0
   Compiling percent-encoding v2.3.2
   Compiling serde v1.0.228
   Compiling tower-service v0.3.3
   Compiling try-lock v0.2.5
   Compiling httpdate v1.0.3
   Compiling untrusted v0.9.0
   Compiling generic-array v0.14.7
   Compiling want v0.3.1
   Compiling base64 v0.22.1
   Compiling either v1.15.0
   Compiling zmij v1.0.19
   Compiling dunce v1.0.5
   Compiling powerfmt v0.2.0
   Compiling num-traits v0.2.19
   Compiling atomic-waker v1.1.2
   Compiling fs_extra v1.3.0
   Compiling num-conv v0.2.0
   Compiling time-core v0.1.8
   Compiling ipnet v2.11.0
   Compiling rustls-pki-types v1.14.0
   Compiling deranged v0.5.5
   Compiling outref v0.5.2
   Compiling hashbrown v0.16.1
   Compiling vsimd v0.8.0
   Compiling sync_wrapper v1.0.2
   Compiling http v1.4.0
   Compiling http v0.2.12
   Compiling bytes-utils v0.1.4
   Compiling cpufeatures v0.2.17
   Compiling tower-layer v0.3.3
   Compiling zerocopy v0.8.39
   Compiling byteorder v1.5.0
   Compiling getrandom v0.3.4
   Compiling aws-lc-rs v1.15.4
   Compiling form_urlencoded v1.2.2
   Compiling icu_properties_data v2.1.2
   Compiling icu_normalizer_data v2.1.1
   Compiling crossbeam-utils v0.8.21
   Compiling base64-simd v0.8.0
   Compiling serde_json v1.0.149
   Compiling stable_deref_trait v1.2.1
   Compiling rustls v0.23.36
   Compiling syn v2.0.114
   Compiling thiserror v2.0.18
   Compiling const-oid v0.9.6
   Compiling bitflags v2.10.0
   Compiling openssl-probe v0.2.1
   Compiling base64ct v1.8.3
   Compiling thiserror v1.0.69
   Compiling rustls v0.21.12
   Compiling http-body v1.0.1
   Compiling rustls-native-certs v0.8.3
   Compiling http-body v0.4.6
   Compiling der v0.6.1
   Compiling http-body-util v0.1.3
   Compiling aho-corasick v1.1.4
   Compiling mime v0.3.17
   Compiling base16ct v0.1.1
   Compiling regex-syntax v0.8.9
   Compiling pkg-config v0.3.32
   Compiling vcpkg v0.2.15
   Compiling num-integer v0.1.46
   Compiling hdrhistogram v7.5.4
   Compiling jobserver v0.1.34
   Compiling errno v0.3.14
   Compiling socket2 v0.6.2
   Compiling mio v1.1.1
   Compiling getrandom v0.2.17
   Compiling time v0.3.47
   Compiling signal-hook-registry v1.4.8
   Compiling crypto-common v0.1.7
   Compiling block-buffer v0.10.4
   Compiling socket2 v0.5.10
   Compiling cc v1.2.55
   Compiling parking_lot v0.12.5
   Compiling digest v0.10.7
   Compiling rand_core v0.6.4
   Compiling semver v1.0.27
   Compiling writeable v0.6.2
   Compiling litemap v0.8.1
   Compiling fastrand v2.3.0
   Compiling spki v0.6.0
   Compiling sha2 v0.10.9
   Compiling crypto-bigint v0.4.9
   Compiling ff v0.12.1
   Compiling hmac v0.12.1
   Compiling rustc_version v0.4.1
   Compiling signature v1.6.4
   Compiling pkcs8 v0.9.0
   Compiling group v0.12.1
   Compiling rand_core v0.9.5
   Compiling unicase v2.9.0
   Compiling simd-adler32 v0.3.8
   Compiling adler2 v2.0.1
   Compiling sha1 v0.10.6
   Compiling sec1 v0.3.0
   Compiling aws-types v1.3.11
   Compiling miniz_oxide v0.8.9
   Compiling ahash v0.8.12
   Compiling mime_guess v2.0.5
   Compiling encoding_index_tests v0.1.4
   Compiling ucd-trie v0.1.7
   Compiling hex v0.4.3
   Compiling pest v2.8.6
   Compiling cmake v0.1.57
   Compiling rfc6979 v0.3.1
   Compiling elliptic-curve v0.12.3
   Compiling indexmap v2.13.0
   Compiling flate2 v1.1.9
   Compiling crypto-bigint v0.5.5
   Compiling k8s-openapi v0.27.0
   Compiling ref-cast v1.0.25
   Compiling foreign-types-shared v0.1.1
   Compiling openssl v0.10.75
   Compiling ecdsa v0.14.8
   Compiling compression-core v0.4.31
   Compiling foreign-types v0.3.2
   Compiling jiff v0.2.19
   Compiling ring v0.17.14
   Compiling aws-lc-sys v0.37.0
   Compiling openssl-sys v0.9.111
   Compiling p256 v0.11.1
   Compiling compression-codecs v0.4.36
   Compiling uuid v1.20.0
   Compiling regex-automata v0.4.14
   Compiling utf-8 v0.7.6
   Compiling data-encoding v2.10.0
   Compiling native-tls v0.2.14
   Compiling concurrent-queue v2.5.0
   Compiling ordered-float v2.10.1
   Compiling pest_meta v2.8.6
   Compiling http-range-header v0.4.2
   Compiling regex-lite v0.1.9
   Compiling same-file v1.0.6
   Compiling utf8_iter v1.0.4
   Compiling dyn-clone v1.0.20
   Compiling parking v2.2.1
   Compiling strsim v0.11.1
   Compiling zlib-rs v0.6.0
   Compiling iri-string v0.7.10
   Compiling ident_case v1.0.1
   Compiling bumpalo v3.19.1
   Compiling synstructure v0.13.2
   Compiling serde_derive_internals v0.29.1
   Compiling pest_generator v2.8.6
   Compiling rustversion v1.0.22
   Compiling openssl-probe v0.1.6
   Compiling zopfli v0.8.3
   Compiling darling_core v0.23.0
   Compiling event-listener v5.4.1
   Compiling walkdir v2.5.0
   Compiling ppv-lite86 v0.2.21
   Compiling serde_path_to_error v0.1.20
   Compiling matchit v0.8.4
   Compiling crc-catalog v2.4.0
   Compiling unsafe-libyaml v0.2.11
   Compiling xmlparser v0.13.6
   Compiling portable-atomic v1.13.1
   Compiling bitflags v1.3.2
   Compiling rand_chacha v0.9.0
   Compiling aws-smithy-xml v0.60.13
   Compiling raw-cpuid v10.7.0
   Compiling tokio-macros v2.6.0
   Compiling futures-macro v0.3.31
   Compiling tracing-attributes v0.1.31
   Compiling zerofrom-derive v0.1.6
   Compiling yoke-derive v0.8.1
   Compiling serde_derive v1.0.228
   Compiling zerovec-derive v0.11.2
   Compiling displaydoc v0.2.5
   Compiling thiserror-impl v2.0.18
   Compiling thiserror-impl v1.0.69
   Compiling rand v0.9.2
   Compiling openssl-macros v0.1.1
   Compiling ref-cast-impl v1.0.25
   Compiling tokio v1.49.0
   Compiling pin-project-internal v1.1.10
   Compiling regex v1.12.3
   Compiling futures-util v0.3.31
   Compiling schemars_derive v1.2.1
   Compiling derive_more-impl v2.1.1
   Compiling enum-ordinalize-derive v4.3.2
   Compiling pest_derive v2.8.6
   Compiling zerofrom v0.1.6
   Compiling tracing v0.1.44
   Compiling yoke v0.8.1
   Compiling darling_macro v0.23.0
   Compiling metrics-macros v0.7.1
   Compiling zerovec v0.11.5
   Compiling zerotrie v0.2.3
   Compiling tungstenite v0.28.0
   Compiling axum-core v0.5.6
   Compiling zip v3.0.0
   Compiling async-stream-impl v0.3.6
   Compiling jsonpath-rust v1.0.4
   Compiling enum-ordinalize v4.3.2
   Compiling pin-project v1.1.10
   Compiling crc v3.3.0
   Compiling event-listener-strategy v0.5.4
   Compiling rust-embed-utils v8.11.0
   Compiling tinystr v0.8.2
   Compiling potential_utf v0.1.4
   Compiling encoding-index-tradchinese v1.20141219.5
   Compiling encoding-index-singlebyte v1.20141219.5
   Compiling icu_locale_core v2.1.1
   Compiling icu_collections v2.1.1
   Compiling derive_more v2.1.1
   Compiling encoding-index-simpchinese v1.20141219.5
   Compiling encoding-index-japanese v1.20141219.5
   Compiling encoding-index-korean v1.20141219.5
   Compiling raw-cpuid v11.6.0
   Compiling pem v3.0.6
   Compiling indexmap v1.9.3
   Compiling secrecy v0.10.3
   Compiling urlencoding v2.1.3
   Compiling spin v0.10.0
   Compiling lazy_static v1.5.0
   Compiling iana-time-zone v0.1.65
   Compiling hashbrown v0.14.5
   Compiling utf8parse v0.2.2
   Compiling winnow v0.5.40
   Compiling crc-fast v1.9.0
   Compiling chrono v0.4.43
   Compiling anstyle-parse v0.2.7
   Compiling sharded-slab v0.1.7
   Compiling encoding v0.2.33
   Compiling icu_provider v2.1.1
   Compiling utoipa-gen v5.4.0
   Compiling icu_normalizer v2.1.1
   Compiling icu_properties v2.1.2
   Compiling dashmap v6.1.0
   Compiling futures-executor v0.3.31
   Compiling serde_urlencoded v0.7.1
   Compiling toml_datetime v0.6.11
   Compiling idna_adapter v1.2.1
   Compiling jsonptr v0.7.1
   Compiling serde_spanned v0.6.9
   Compiling idna v1.1.0
   Compiling serde-value v0.7.0
   Compiling schemars v1.2.1
   Compiling futures v0.3.31
   Compiling serde_yaml v0.9.34+deprecated
   Compiling quanta v0.12.6
   Compiling async-stream v0.3.6
   Compiling rust-embed-impl v8.11.0
   Compiling metrics v0.21.1
   Compiling async-broadcast v0.7.2
   Compiling darling v0.23.0
   Compiling educe v0.6.0
   Compiling json-patch v4.1.0
   Compiling url v2.5.8
   Compiling toml_edit v0.19.15
   Compiling matchers v0.2.0
   Compiling quanta v0.11.1
   Compiling async-trait v0.1.89
   Compiling hashbrown v0.13.1
   Compiling md-5 v0.10.6
   Compiling crossbeam-epoch v0.9.18
   Compiling hostname v0.4.2
   Compiling num_cpus v1.17.0
   Compiling tracing-log v0.2.0
   Compiling spin v0.9.8
   Compiling spinning_top v0.3.0
   Compiling thread_local v1.1.9
   Compiling tokio-util v0.7.18
   Compiling aws-smithy-async v1.2.11
   Compiling async-compression v0.4.39
   Compiling tokio-tungstenite v0.28.0
   Compiling tokio-stream v0.1.18
   Compiling tokio-native-tls v0.3.1
   Compiling utoipa-swagger-ui v9.0.2
   Compiling backon v1.6.0
   Compiling nu-ansi-term v0.50.3
   Compiling anstyle-query v1.1.5
   Compiling futures-timer v3.0.3
   Compiling sketches-ddsketch v0.2.2
   Compiling winnow v0.7.14
   Compiling anyhow v1.0.101
   Compiling hashbrown v0.12.3
   Compiling colorchoice v1.0.4
   Compiling is_terminal_polyfill v1.70.2
   Compiling h2 v0.4.13
   Compiling aws-smithy-types v1.4.3
   Compiling tower v0.5.3
   Compiling h2 v0.3.27
   Compiling nonempty v0.7.0
   Compiling nonzero_ext v0.3.0
   Compiling web-time v1.1.0
   Compiling anstyle v1.0.13
   Compiling toml_write v0.1.2
   Compiling governor v0.10.4
   Compiling anstream v0.6.21
   Compiling toml v0.7.8
   Compiling forwarded-header-value v0.1.1
   Compiling aws-smithy-runtime-api v1.11.3
   Compiling aws-smithy-eventstream v0.60.18
   Compiling aws-smithy-json v0.62.3
   Compiling aws-smithy-query v0.60.13
   Compiling irc-proto v1.1.0
   Compiling tracing-subscriber v0.3.22
   Compiling metrics-util v0.15.1
   Compiling rustls-webpki v0.101.7
   Compiling sct v0.7.1
   Compiling tower-http v0.6.8
   Compiling toml_edit v0.22.27
   Compiling rustls-webpki v0.102.8
   Compiling flume v0.11.1
   Compiling rust-embed v8.11.0
   Compiling aws-smithy-http v0.63.3
   Compiling aws-credential-types v1.2.11
   Compiling aws-smithy-observability v0.2.4
   Compiling kube-derive v3.0.1
   Compiling kusanagi v0.3.0 (/home/joseph/git/workspace/Kusanagi)
   Compiling aws-sigv4 v1.3.8
   Compiling aws-smithy-checksums v0.64.3
   Compiling utoipa v5.4.0
   Compiling env_filter v0.1.4
   Compiling crossbeam-channel v0.5.15
   Compiling lru v0.16.3
   Compiling rustls-pemfile v2.2.0
   Compiling encoding_rs v0.8.35
   Compiling fixedbitset v0.5.7
   Compiling base64 v0.21.7
   Compiling tracing-appender v0.2.4
   Compiling env_logger v0.11.8
   Compiling irc v1.1.0
   Compiling sysinfo v0.38.1
   Compiling toml v0.8.23
   Compiling tokio-rustls v0.24.1
   Compiling hyper v0.14.32
   Compiling hyper v1.8.1
   Compiling hyper-util v0.1.20
   Compiling hyper-timeout v0.5.2
   Compiling axum v0.8.8
   Compiling hyper-tls v0.6.0
   Compiling reqwest v0.12.28
   Compiling hyper-rustls v0.24.2
   Compiling metrics-exporter-prometheus v0.12.2
   Compiling kube-core v3.0.1
   Compiling tonic v0.14.4
   Compiling tower_governor v0.8.0
   Compiling rustls-webpki v0.103.9
   Compiling tokio-rustls v0.26.4
   Compiling hyper-rustls v0.27.7
   Compiling rumqttc v0.25.1
   Compiling aws-smithy-http-client v1.1.9
   Compiling kube-client v3.0.1
   Compiling aws-smithy-runtime v1.10.0
   Compiling kube-runtime v3.0.1
   Compiling kube v3.0.1
   Compiling aws-runtime v1.6.0
   Compiling aws-sdk-sso v1.93.0
   Compiling aws-sdk-ssooidc v1.95.0
   Compiling aws-sdk-sts v1.97.0
   Compiling aws-sdk-s3 v1.122.0
   Compiling aws-config v1.8.13
    Finished `release` profile [optimized] target(s) in 3m 08s
